     1                                  bits 32 ; assembling for the 32 bits architecture
     2                                  
     3                                  ; declare the EntryPoint (a label defining the very first instruction of the program)
     4                                  global start        
     5                                  
     6                                  ; declare external functions needed by our program
     7                                  extern exit               ; tell nasm that exit exists even if we won't be defining it
     8                                  import exit msvcrt.dll    ; exit is a function that ends the calling process. It is defined in msvcrt.dll
     9                                                            ; msvcrt.dll contains exit, printf and all the other important C-runtime specific functions
    10                                  
    11                                  ; our data is declared here (the variables needed by our program)
    12                                  segment data use32 class=data
    13                                      ; ...
    14 00000000 0A                          a DB 10 
    15 00000001 14                          b DB 20 
    16 00000002 1E                          c DB 30
    17 00000003 28                          d DB 40
    18 00000004 <res 00000001>              rezultat RESB 1
    19                                  ; our code starts here
    20                                  ; Sabo Andrei Claudiu
    21                                  ; (a+b+b)-(c+d)
    22                                  segment code use32 class=code
    23                                      start:
    24                                          ; ...
    25 00000000 A0[00000000]                    mov AL, [a]
    26 00000005 0205[01000000]                  add AL, [b]
    27 0000000B 0205[01000000]                  add AL, [b]
    28 00000011 8A1D[02000000]                  mov BL, [c]
    29 00000017 021D[03000000]                  add BL, [d]
    30 0000001D 28D8                            sub AL,BL
    31 0000001F A2[04000000]                    mov [rezultat], AL
    32                                          ; exit(0)
    33 00000024 6A00                            push    dword 0      ; push the parameter for exit onto the stack
    34 00000026 FF15[00000000]                  call    [exit]       ; call exit to terminate the program
